// Jest Snapshot v1, https://goo.gl/fbAQLP

exports[`<App /> should match snapshot 1`] = `
<div
  className="App"
>
  <h1
    className="Header"
  >
    React Wars
  </h1>
  <h3>
    Loading...
  </h3>
</div>
`;
